

================================================================
== Synthesis Summary Report of 'memRead'
================================================================
+ General Information: 
    * Date:           Tue Dec 14 21:02:35 2021
    * Version:        2020.2 (Build 3064766 on Wed Nov 18 09:12:47 MST 2020)
    * Project:        memRead
    * Solution:       solution (Vitis Kernel Flow Target)
    * Product family: virtexuplus
    * Target device:  xcvu9p-flgb2104-2-i
    

+ Performance & Resource Estimates: 
    
    PS: '+' for module; 'o' for loop; '*' for dataflow
    +-------------------------------------------+--------+-------+---------+--------+----------+---------+------+----------+---------+----------+-------------+------------+-----+
    |                  Modules                  |  Issue |       | Latency | Latency| Iteration|         | Trip |          |         |          |             |            |     |
    |                  & Loops                  |  Type  | Slack | (cycles)|  (ns)  |  Latency | Interval| Count| Pipelined|  BRAM   |    DSP   |      FF     |     LUT    | URAM|
    +-------------------------------------------+--------+-------+---------+--------+----------+---------+------+----------+---------+----------+-------------+------------+-----+
    |+ memRead                                  |  Timing|   0.69|        -|       -|         -|        -|     -|        no|  72 (1%)|  23 (~0%)|  13332 (~0%)|  9850 (~0%)|    -|
    | o Init_VITIS_LOOP_124_1_VITIS_LOOP_125_2  |       -|  -2.43|        -|       -|        77|        1|     -|       yes|        -|         -|            -|           -|    -|
    | o VITIS_LOOP_185_4                        |       -|  -2.43|        -|       -|        87|        1|     -|       yes|        -|         -|            -|           -|    -|
    +-------------------------------------------+--------+-------+---------+--------+----------+---------+------+----------+---------+----------+-------------+------------+-----+

